✓ Initialized. View run at 
https://modal.com/apps/macrochen05/main/ap-lkzOrwNistd36MAFhCoDuu
✓ Created objects.
├── 🔨 Created mount 
│   /Users/marcochen/code/htn/dryft-flash-infer/bench/profile_current.py
├── 🔨 Created mount bench/profile_worker.py
├── 🔨 Created mount bench/study.py
├── 🔨 Created mount OPTIMIZATION_GUIDE.md
├── 🔨 Created mount bench/coop_probe.py
├── 🔨 Created mount bench/probe_kernels.py
├── 🔨 Created mount bench/spec_trace.py
├── 🔨 Created mount bench/tiled_probe.py
├── 🔨 Created mount bench/coal_probe.py
├── 🔨 Created mount bench/gemm_bisect.py
├── 🔨 Created mount bench/triton_abi_probe.py
├── 🔨 Created mount bench/share_probe.py
├── 🔨 Created mount bench/pdl_diag.py
├── 🔨 Created mount bench/triton_pdl_probe.py
├── 🔨 Created mount bench/int4_probe.py
├── 🔨 Created mount bench/pdl_probe.py
├── 🔨 Created mount bench/latency_probe.py
├── 🔨 Created mount bench/fused_probe.py
├── 🔨 Created mount bench/fp8_mma_probe.py
├── 🔨 Created mount bench/fp8_tuning.py
├── 🔨 Created mount bench/gpu_checks.py
├── 🔨 Created mount bench/replay.py
├── 🔨 Created mount bench/harness.py
├── 🔨 Created mount 
│   /var/folders/0t/yy1dfwsd21s7cmlws6jt70xw0000gn/T/dryft-profile-dwt9x1az/engi
│   ne
├── 🔨 Created mount /Users/marcochen/code/htn/dryft-flash-infer/engine
└── 🔨 Created function run_remote.
corpus: 175904 tokens

[1ALoading checkpoint shards:   0%|          | 0/3 [00:00<?, ?it/s]
[1ALoading checkpoint shards:  33%|███▎      | 1/3 [00:00<00:01,  1.02it/s]
[1ALoading checkpoint shards:  67%|██████▋   | 2/3 [00:02<00:01,  1.12s/it]
[1ALoading checkpoint shards: 100%|██████████| 3/3 [00:02<00:00,  1.34it/s]
engine: warmup quantise 2.3s
engine: qkv      (6144, 2560) -> cublas 2.09 TB/s
engine: o        (2560, 4096) -> cublas 1.57 TB/s
engine: gate_up  (19456, 2560) -> fp8 2.00 TB/s (3.88 effective)
engine: down     (2560, 9728) -> cublas 1.98 TB/s
engine: lm_head  (151936, 2560) -> fp8 2.79 TB/s (5.42 effective)
engine: mlp      fused=(4, 1, 1, 1, 2) (fp8)  1.12x vs split
engine: warmup projection race 6.0s
engine: warmup compile and capture 2.1s
engine: self-check logit delta 0.7500, worst tie gap 0.0000, tokens match, triton True, graph True
engine: qkv      (6144, 2560) -> fp8 1.75 TB/s (3.39 effective) (planes into the consumer)
engine: o        (2560, 4096) -> fp8 1.66 TB/s (3.22 effective) (planes into the consumer)
engine: gate_up  (19456, 2560) -> fp8 2.54 TB/s (4.92 effective)
engine: down     (2560, 9728) -> fp8 2.26 TB/s (4.38 effective) (planes into the consumer)
engine: lm_head  (151936, 2560) -> fp8 2.88 TB/s (5.58 effective)
engine: mlp      fused=('planes', (8, 4, 1, 1, 2)) (fp8)  1.12x vs split
engine: warmup projection race 7.6s
engine: warmup compile and capture 1.3s
engine: qkv      (6144, 2560) -> fp8 (ordinary decode's choice) (planes into the consumer)
engine: o        (2560, 4096) -> fp8 (ordinary decode's choice) (planes into the consumer)
engine: gate_up  (19456, 2560) -> fp8 (ordinary decode's choice)
engine: down     (2560, 9728) -> fp8 (ordinary decode's choice) (planes into the consumer)
engine: lm_head  (151936, 2560) -> fp8 (ordinary decode's choice)
engine: mlp      fused=('planes', (8, 4, 1, 1, 2)) (fp8)  1.12x vs split
engine: qkv      (6144, 2560) -> fp8 (ordinary decode's choice) (planes into the consumer)
engine: o        (2560, 4096) -> fp8 (ordinary decode's choice) (planes into the consumer)
engine: gate_up  (19456, 2560) -> fp8 (ordinary decode's choice)
engine: down     (2560, 9728) -> fp8 (ordinary decode's choice) (planes into the consumer)
engine: lm_head  (151936, 2560) -> fp8 (ordinary decode's choice)
engine: mlp      fused=('planes', (8, 4, 1, 1, 2)) (fp8)  1.13x vs split
engine: warmup short verifier 3.5s
PROFILE public-0: prefill 9.455 ms, ordinary decode 2.536 ms, replay worst 0.0
corpus: 175904 tokens

[1ALoading checkpoint shards:   0%|          | 0/3 [00:00<?, ?it/s]
[1ALoading checkpoint shards: 100%|██████████| 3/3 [00:00<00:00, 29.29it/s]Loading checkpoint shards: 100%|██████████| 3/3 [00:00<00:00, 29.23it/s]
engine: warmup quantise 1.3s
engine: qkv      (6144, 2560) -> cublas 2.09 TB/s
engine: o        (2560, 4096) -> cublas 1.57 TB/s
engine: gate_up  (19456, 2560) -> fp8 1.99 TB/s (3.86 effective)
engine: down     (2560, 9728) -> cublas 1.98 TB/s
engine: lm_head  (151936, 2560) -> fp8 2.79 TB/s (5.41 effective)
engine: mlp      fused=(4, 1, 1, 1, 2) (fp8)  1.12x vs split
engine: warmup projection race 3.7s
engine: warmup compile and capture 0.2s
engine: self-check logit delta 0.7500, worst tie gap 0.0000, tokens match, triton True, graph True
engine: qkv      (6144, 2560) -> fp8 1.72 TB/s (3.33 effective) (planes into the consumer)
engine: o        (2560, 4096) -> fp8 1.56 TB/s (3.03 effective) (planes into the consumer)
engine: gate_up  (19456, 2560) -> fp8 2.48 TB/s (4.81 effective)
engine: down     (2560, 9728) -> fp8 2.23 TB/s (4.32 effective) (planes into the consumer)
engine: lm_head  (151936, 2560) -> fp8 2.78 TB/s (5.39 effective)
engine: mlp      fused=('planes', (8, 4, 1, 1, 2)) (fp8)  1.14x vs split
engine: warmup projection race 5.4s
engine: warmup compile and capture 1.0s
PROFILE public-1: prefill 121.048 ms, ordinary decode 2.922 ms, replay worst 0.125
corpus: 175904 tokens

[1ALoading checkpoint shards:   0%|          | 0/3 [00:00<?, ?it/s]Loading checkpoint shards: 100%|██████████| 3/3 [00:00<00:00, 30.13it/s]
engine: warmup quantise 1.3s
engine: qkv      (6144, 2560) -> cublas 2.09 TB/s
engine: o        (2560, 4096) -> cublas 1.57 TB/s
engine: gate_up  (19456, 2560) -> fp8 1.99 TB/s (3.86 effective)
engine: down     (2560, 9728) -> cublas 1.98 TB/s
engine: lm_head  (151936, 2560) -> fp8 2.80 TB/s (5.42 effective)
engine: mlp      fused=(4, 1, 1, 1, 2) (fp8)  1.12x vs split
engine: warmup projection race 4.0s
engine: warmup compile and capture 0.2s
engine: self-check logit delta 0.7500, worst tie gap 0.0000, tokens match, triton True, graph True
engine: qkv      (6144, 2560) -> fp8 1.44 TB/s (2.80 effective) (planes into the consumer)
engine: o        (2560, 4096) -> fp8 1.28 TB/s (2.47 effective) (planes into the consumer)
engine: gate_up  (19456, 2560) -> fp8 1.94 TB/s (3.76 effective)
engine: down     (2560, 9728) -> fp8 1.78 TB/s (3.46 effective) (planes into the consumer)
engine: lm_head  (151936, 2560) -> fp8 2.39 TB/s (4.63 effective)
engine: mlp      fused=('planes', (8, 4, 1, 1, 2)) (fp8)  1.13x vs split
engine: gate_up  native INT8=False 1.00x vs incumbent
engine: warmup projection race 10.0s
engine: warmup compile and capture 0.7s
PROFILE public-2: prefill 109.475 ms, ordinary decode 3.277 ms, replay worst 2.0
corpus: 175904 tokens

[1ALoading checkpoint shards:   0%|          | 0/3 [00:00<?, ?it/s]
[1ALoading checkpoint shards:  67%|██████▋   | 2/3 [00:00<00:00, 17.73it/s]
[1ALoading checkpoint shards: 100%|██████████| 3/3 [00:00<00:00, 25.88it/s]
engine: warmup quantise 1.2s
engine: qkv      (6144, 2560) -> cublas 2.09 TB/s
engine: o        (2560, 4096) -> cublas 1.57 TB/s
engine: gate_up  (19456, 2560) -> fp8 1.99 TB/s (3.86 effective)
engine: down     (2560, 9728) -> cublas 1.98 TB/s
engine: lm_head  (151936, 2560) -> fp8 2.79 TB/s (5.40 effective)
engine: mlp      fused=(4, 1, 1, 1, 2) (fp8)  1.11x vs split
engine: warmup projection race 3.5s
engine: warmup compile and capture 0.2s
engine: self-check logit delta 0.7500, worst tie gap 0.0000, tokens match, triton True, graph True
engine: qkv      (6144, 2560) -> cublas 2.13 TB/s
engine: o        (2560, 4096) -> fp8 0.86 TB/s (1.66 effective) (planes into the consumer)
engine: gate_up  (19456, 2560) -> triton 2.71 TB/s
engine: down     (2560, 9728) -> fp8 1.09 TB/s (2.11 effective) (planes into the consumer)
engine: lm_head  (151936, 2560) -> fp8 1.71 TB/s (3.31 effective)
engine: mlp      fused=None (bf16)  1.00x vs split
engine: warmup projection race 19.8s
engine: warmup compile and capture 0.6s
PROFILE wide: prefill 109.535 ms, ordinary decode 4.549 ms, replay worst 0.25
corpus: 175904 tokens

[1ALoading checkpoint shards:   0%|          | 0/3 [00:00<?, ?it/s]Loading checkpoint shards: 100%|██████████| 3/3 [00:00<00:00, 44.96it/s]
engine: warmup quantise 1.3s
engine: qkv      (6144, 2560) -> cublas 2.09 TB/s
engine: o        (2560, 4096) -> cublas 1.58 TB/s
engine: gate_up  (19456, 2560) -> fp8 2.00 TB/s (3.87 effective)
engine: down     (2560, 9728) -> cublas 1.98 TB/s
engine: lm_head  (151936, 2560) -> fp8 2.80 TB/s (5.43 effective)
engine: mlp      fused=(4, 1, 1, 1, 2) (fp8)  1.11x vs split
engine: warmup projection race 4.0s
engine: warmup compile and capture 0.2s
engine: self-check logit delta 0.7500, worst tie gap 0.0000, tokens match, triton True, graph True
engine: qkv      (6144, 2560) -> fp8 1.72 TB/s (3.34 effective) (planes into the consumer)
engine: o        (2560, 4096) -> fp8 1.64 TB/s (3.17 effective) (planes into the consumer)
engine: gate_up  (19456, 2560) -> fp8 2.53 TB/s (4.92 effective)
engine: down     (2560, 9728) -> fp8 2.24 TB/s (4.34 effective) (planes into the consumer)
engine: lm_head  (151936, 2560) -> fp8 2.90 TB/s (5.62 effective)
engine: mlp      fused=('planes', (8, 4, 1, 1, 2)) (fp8)  1.12x vs split
engine: warmup projection race 9.4s
engine: warmup compile and capture 1.2s
engine: qkv      (6144, 2560) -> fp8 (ordinary decode's choice) (planes into the consumer)
engine: o        (2560, 4096) -> fp8 (ordinary decode's choice) (planes into the consumer)
engine: gate_up  (19456, 2560) -> fp8 (ordinary decode's choice)
engine: down     (2560, 9728) -> fp8 (ordinary decode's choice) (planes into the consumer)
engine: lm_head  (151936, 2560) -> fp8 (ordinary decode's choice)
engine: mlp      fused=('planes', (8, 4, 1, 1, 2)) (fp8)  1.11x vs split
engine: qkv      (6144, 2560) -> fp8 (ordinary decode's choice) (planes into the consumer)
engine: o        (2560, 4096) -> fp8 (ordinary decode's choice) (planes into the consumer)
engine: gate_up  (19456, 2560) -> fp8 (ordinary decode's choice)
engine: down     (2560, 9728) -> fp8 (ordinary decode's choice) (planes into the consumer)
engine: lm_head  (151936, 2560) -> fp8 (ordinary decode's choice)
engine: mlp      fused=('planes', (8, 4, 1, 1, 2)) (fp8)  1.13x vs split
engine: warmup short verifier 3.6s
PROFILE long: prefill 71.094 ms, ordinary decode 2.722 ms, replay worst 0.125
Profile saved to bench/results/profile-current-20260920-v2
Stopping app - local entrypoint completed.
✓ App completed. View run at 
https://modal.com/apps/macrochen05/main/ap-lkzOrwNistd36MAFhCoDuu
